# name: TestBaseQualityParser.test_composite
  list([
    QualityPoint(mean=32.98285, median=34.0, lower_quartile=34.0, upper_quartile=34.0, tenth_percentile=32.5, ninetieth_percentile=34.0),
    QualityPoint(mean=33.226169999999996, median=34.0, lower_quartile=34.0, upper_quartile=34.0, tenth_percentile=32.5, ninetieth_percentile=34.0),
    QualityPoint(mean=33.667609999999996, median=34.0, lower_quartile=34.0, upper_quartile=34.0, tenth_percentile=34.0, ninetieth_percentile=34.0),
    QualityPoint(mean=33.6994, median=34.0, lower_quartile=34.0, upper_quartile=34.0, tenth_percentile=34.0, ninetieth_percentile=34.0),
    QualityPoint(mean=33.71593, median=34.0, lower_quartile=34.0, upper_quartile=34.0, tenth_percentile=34.0, ninetieth_percentile=34.0),
    QualityPoint(mean=37.45711, median=38.0, lower_quartile=38.0, upper_quartile=38.0, tenth_percentile=37.0, ninetieth_percentile=38.0),
    QualityPoint(mean=37.2809, median=38.0, lower_quartile=38.0, upper_quartile=38.0, tenth_percentile=36.5, ninetieth_percentile=38.0),
    QualityPoint(mean=37.247420000000005, median=38.0, lower_quartile=38.0, upper_quartile=38.0, tenth_percentile=36.5, ninetieth_percentile=38.0),
    QualityPoint(mean=37.37759, median=38.0, lower_quartile=38.0, upper_quartile=38.0, tenth_percentile=37.0, ninetieth_percentile=38.0),
    QualityPoint(mean=37.383585999999994, median=38.0, lower_quartile=38.0, upper_quartile=38.0, tenth_percentile=36.7, ninetieth_percentile=38.0),
    QualityPoint(mean=37.383585999999994, median=38.0, lower_quartile=38.0, upper_quartile=38.0, tenth_percentile=36.7, ninetieth_percentile=38.0),
    QualityPoint(mean=37.383585999999994, median=38.0, lower_quartile=38.0, upper_quartile=38.0, tenth_percentile=36.7, ninetieth_percentile=38.0),
    QualityPoint(mean=37.383585999999994, median=38.0, lower_quartile=38.0, upper_quartile=38.0, tenth_percentile=36.7, ninetieth_percentile=38.0),
    QualityPoint(mean=37.383585999999994, median=38.0, lower_quartile=38.0, upper_quartile=38.0, tenth_percentile=36.7, ninetieth_percentile=38.0),
    QualityPoint(mean=37.11735, median=38.0, lower_quartile=38.0, upper_quartile=38.0, tenth_percentile=36.2, ninetieth_percentile=38.0),
    QualityPoint(mean=37.11735, median=38.0, lower_quartile=38.0, upper_quartile=38.0, tenth_percentile=36.2, ninetieth_percentile=38.0),
    QualityPoint(mean=37.11735, median=38.0, lower_quartile=38.0, upper_quartile=38.0, tenth_percentile=36.2, ninetieth_percentile=38.0),
    QualityPoint(mean=37.11735, median=38.0, lower_quartile=38.0, upper_quartile=38.0, tenth_percentile=36.2, ninetieth_percentile=38.0),
    QualityPoint(mean=37.11735, median=38.0, lower_quartile=38.0, upper_quartile=38.0, tenth_percentile=36.2, ninetieth_percentile=38.0),
    QualityPoint(mean=37.129138000000005, median=38.0, lower_quartile=37.8, upper_quartile=38.0, tenth_percentile=35.9, ninetieth_percentile=38.0),
    QualityPoint(mean=37.129138000000005, median=38.0, lower_quartile=37.8, upper_quartile=38.0, tenth_percentile=35.9, ninetieth_percentile=38.0),
    QualityPoint(mean=37.129138000000005, median=38.0, lower_quartile=37.8, upper_quartile=38.0, tenth_percentile=35.9, ninetieth_percentile=38.0),
    QualityPoint(mean=37.129138000000005, median=38.0, lower_quartile=37.8, upper_quartile=38.0, tenth_percentile=35.9, ninetieth_percentile=38.0),
    QualityPoint(mean=37.129138000000005, median=38.0, lower_quartile=37.8, upper_quartile=38.0, tenth_percentile=35.9, ninetieth_percentile=38.0),
    QualityPoint(mean=37.339632, median=38.0, lower_quartile=38.0, upper_quartile=38.0, tenth_percentile=37.0, ninetieth_percentile=38.0),
    QualityPoint(mean=37.339632, median=38.0, lower_quartile=38.0, upper_quartile=38.0, tenth_percentile=37.0, ninetieth_percentile=38.0),
    QualityPoint(mean=37.339632, median=38.0, lower_quartile=38.0, upper_quartile=38.0, tenth_percentile=37.0, ninetieth_percentile=38.0),
    QualityPoint(mean=37.339632, median=38.0, lower_quartile=38.0, upper_quartile=38.0, tenth_percentile=37.0, ninetieth_percentile=38.0),
    QualityPoint(mean=37.339632, median=38.0, lower_quartile=38.0, upper_quartile=38.0, tenth_percentile=37.0, ninetieth_percentile=38.0),
    QualityPoint(mean=37.16063199999999, median=38.0, lower_quartile=37.9, upper_quartile=38.0, tenth_percentile=36.4, ninetieth_percentile=38.0),
    QualityPoint(mean=37.16063199999999, median=38.0, lower_quartile=37.9, upper_quartile=38.0, tenth_percentile=36.4, ninetieth_percentile=38.0),
    QualityPoint(mean=37.16063199999999, median=38.0, lower_quartile=37.9, upper_quartile=38.0, tenth_percentile=36.4, ninetieth_percentile=38.0),
    QualityPoint(mean=37.16063199999999, median=38.0, lower_quartile=37.9, upper_quartile=38.0, tenth_percentile=36.4, ninetieth_percentile=38.0),
    QualityPoint(mean=37.16063199999999, median=38.0, lower_quartile=37.9, upper_quartile=38.0, tenth_percentile=36.4, ninetieth_percentile=38.0),
  ])
# ---
# name: TestBaseQualityParser.test_ok
  list([
    QualityPoint(mean=33.45152, median=34.0, lower_quartile=34.0, upper_quartile=34.0, tenth_percentile=34.0, ninetieth_percentile=34.0),
    QualityPoint(mean=33.751, median=34.0, lower_quartile=34.0, upper_quartile=34.0, tenth_percentile=34.0, ninetieth_percentile=34.0),
    QualityPoint(mean=33.8779, median=34.0, lower_quartile=34.0, upper_quartile=34.0, tenth_percentile=34.0, ninetieth_percentile=34.0),
    QualityPoint(mean=33.85192, median=34.0, lower_quartile=34.0, upper_quartile=34.0, tenth_percentile=34.0, ninetieth_percentile=34.0),
    QualityPoint(mean=33.78398, median=34.0, lower_quartile=34.0, upper_quartile=34.0, tenth_percentile=34.0, ninetieth_percentile=34.0),
    QualityPoint(mean=37.63014, median=38.0, lower_quartile=38.0, upper_quartile=38.0, tenth_percentile=37.0, ninetieth_percentile=38.0),
    QualityPoint(mean=37.54666, median=38.0, lower_quartile=38.0, upper_quartile=38.0, tenth_percentile=37.0, ninetieth_percentile=38.0),
    QualityPoint(mean=37.38808, median=38.0, lower_quartile=38.0, upper_quartile=38.0, tenth_percentile=37.0, ninetieth_percentile=38.0),
    QualityPoint(mean=37.4646, median=38.0, lower_quartile=38.0, upper_quartile=38.0, tenth_percentile=37.0, ninetieth_percentile=38.0),
    QualityPoint(mean=37.521139999999995, median=38.0, lower_quartile=38.0, upper_quartile=38.0, tenth_percentile=36.8, ninetieth_percentile=38.0),
    QualityPoint(mean=37.521139999999995, median=38.0, lower_quartile=38.0, upper_quartile=38.0, tenth_percentile=36.8, ninetieth_percentile=38.0),
    QualityPoint(mean=37.521139999999995, median=38.0, lower_quartile=38.0, upper_quartile=38.0, tenth_percentile=36.8, ninetieth_percentile=38.0),
    QualityPoint(mean=37.521139999999995, median=38.0, lower_quartile=38.0, upper_quartile=38.0, tenth_percentile=36.8, ninetieth_percentile=38.0),
    QualityPoint(mean=37.521139999999995, median=38.0, lower_quartile=38.0, upper_quartile=38.0, tenth_percentile=36.8, ninetieth_percentile=38.0),
    QualityPoint(mean=37.257456000000005, median=38.0, lower_quartile=38.0, upper_quartile=38.0, tenth_percentile=36.4, ninetieth_percentile=38.0),
    QualityPoint(mean=37.257456000000005, median=38.0, lower_quartile=38.0, upper_quartile=38.0, tenth_percentile=36.4, ninetieth_percentile=38.0),
    QualityPoint(mean=37.257456000000005, median=38.0, lower_quartile=38.0, upper_quartile=38.0, tenth_percentile=36.4, ninetieth_percentile=38.0),
    QualityPoint(mean=37.257456000000005, median=38.0, lower_quartile=38.0, upper_quartile=38.0, tenth_percentile=36.4, ninetieth_percentile=38.0),
    QualityPoint(mean=37.257456000000005, median=38.0, lower_quartile=38.0, upper_quartile=38.0, tenth_percentile=36.4, ninetieth_percentile=38.0),
    QualityPoint(mean=37.51578000000001, median=38.0, lower_quartile=38.0, upper_quartile=38.0, tenth_percentile=37.0, ninetieth_percentile=38.0),
    QualityPoint(mean=37.51578000000001, median=38.0, lower_quartile=38.0, upper_quartile=38.0, tenth_percentile=37.0, ninetieth_percentile=38.0),
    QualityPoint(mean=37.51578000000001, median=38.0, lower_quartile=38.0, upper_quartile=38.0, tenth_percentile=37.0, ninetieth_percentile=38.0),
    QualityPoint(mean=37.51578000000001, median=38.0, lower_quartile=38.0, upper_quartile=38.0, tenth_percentile=37.0, ninetieth_percentile=38.0),
    QualityPoint(mean=37.51578000000001, median=38.0, lower_quartile=38.0, upper_quartile=38.0, tenth_percentile=37.0, ninetieth_percentile=38.0),
    QualityPoint(mean=37.425292, median=38.0, lower_quartile=38.0, upper_quartile=38.0, tenth_percentile=37.0, ninetieth_percentile=38.0),
    QualityPoint(mean=37.425292, median=38.0, lower_quartile=38.0, upper_quartile=38.0, tenth_percentile=37.0, ninetieth_percentile=38.0),
    QualityPoint(mean=37.425292, median=38.0, lower_quartile=38.0, upper_quartile=38.0, tenth_percentile=37.0, ninetieth_percentile=38.0),
    QualityPoint(mean=37.425292, median=38.0, lower_quartile=38.0, upper_quartile=38.0, tenth_percentile=37.0, ninetieth_percentile=38.0),
    QualityPoint(mean=37.425292, median=38.0, lower_quartile=38.0, upper_quartile=38.0, tenth_percentile=37.0, ninetieth_percentile=38.0),
    QualityPoint(mean=37.165183999999996, median=38.0, lower_quartile=37.8, upper_quartile=38.0, tenth_percentile=36.4, ninetieth_percentile=38.0),
    QualityPoint(mean=37.165183999999996, median=38.0, lower_quartile=37.8, upper_quartile=38.0, tenth_percentile=36.4, ninetieth_percentile=38.0),
    QualityPoint(mean=37.165183999999996, median=38.0, lower_quartile=37.8, upper_quartile=38.0, tenth_percentile=36.4, ninetieth_percentile=38.0),
    QualityPoint(mean=37.165183999999996, median=38.0, lower_quartile=37.8, upper_quartile=38.0, tenth_percentile=36.4, ninetieth_percentile=38.0),
    QualityPoint(mean=37.165183999999996, median=38.0, lower_quartile=37.8, upper_quartile=38.0, tenth_percentile=36.4, ninetieth_percentile=38.0),
  ])
# ---
# name: TestNucleotideCompositionParser.test_composite
  list([
    NucleotidePoint(g=36.992561511441394, a=25.078432580049135, t=14.298169458488152, c=23.63083645002132),
    NucleotidePoint(g=13.038417292856426, a=23.003024847209698, t=42.73563460575093, c=21.22292325418295),
    NucleotidePoint(g=16.45633285325652, a=29.61837365978557, t=31.988557689230277, c=21.936735797727636),
    NucleotidePoint(g=11.651, a=19.979, t=42.425, c=25.945),
    NucleotidePoint(g=11.829, a=37.962999999999994, t=38.703, c=11.504999999999999),
    NucleotidePoint(g=26.296, a=41.095, t=20.540999999999997, c=12.068),
    NucleotidePoint(g=22.371, a=32.849000000000004, t=28.476000000000003, c=16.304),
    NucleotidePoint(g=21.59, a=37.512, t=24.756, c=16.142000000000003),
    NucleotidePoint(g=23.613999999999997, a=17.399, t=26.042, c=32.94499999999999),
    NucleotidePoint(g=22.092021508430168, a=25.856659593191864, t=30.940908418168362, c=21.1104104802096),
    NucleotidePoint(g=22.092021508430168, a=25.856659593191864, t=30.940908418168362, c=21.1104104802096),
    NucleotidePoint(g=22.092021508430168, a=25.856659593191864, t=30.940908418168362, c=21.1104104802096),
    NucleotidePoint(g=22.092021508430168, a=25.856659593191864, t=30.940908418168362, c=21.1104104802096),
    NucleotidePoint(g=22.092021508430168, a=25.856659593191864, t=30.940908418168362, c=21.1104104802096),
    NucleotidePoint(g=20.199392479483116, a=30.81520074242029, t=28.205011678070512, c=20.780395100026084),
    NucleotidePoint(g=20.199392479483116, a=30.81520074242029, t=28.205011678070512, c=20.780395100026084),
    NucleotidePoint(g=20.199392479483116, a=30.81520074242029, t=28.205011678070512, c=20.780395100026084),
    NucleotidePoint(g=20.199392479483116, a=30.81520074242029, t=28.205011678070512, c=20.780395100026084),
    NucleotidePoint(g=20.199392479483116, a=30.81520074242029, t=28.205011678070512, c=20.780395100026084),
    NucleotidePoint(g=20.510916591381857, a=29.077015067916648, t=29.926763435231685, c=20.485304905469807),
    NucleotidePoint(g=20.510916591381857, a=29.077015067916648, t=29.926763435231685, c=20.485304905469807),
    NucleotidePoint(g=20.510916591381857, a=29.077015067916648, t=29.926763435231685, c=20.485304905469807),
    NucleotidePoint(g=20.510916591381857, a=29.077015067916648, t=29.926763435231685, c=20.485304905469807),
    NucleotidePoint(g=20.510916591381857, a=29.077015067916648, t=29.926763435231685, c=20.485304905469807),
    NucleotidePoint(g=20.413600000000002, a=29.318999999999996, t=29.75, c=20.517400000000002),
    NucleotidePoint(g=20.413600000000002, a=29.318999999999996, t=29.75, c=20.517400000000002),
    NucleotidePoint(g=20.413600000000002, a=29.318999999999996, t=29.75, c=20.517400000000002),
    NucleotidePoint(g=20.413600000000002, a=29.318999999999996, t=29.75, c=20.517400000000002),
    NucleotidePoint(g=20.413600000000002, a=29.318999999999996, t=29.75, c=20.517400000000002),
    NucleotidePoint(g=20.6736, a=29.3634, t=29.3294, c=20.6336),
    NucleotidePoint(g=20.6736, a=29.3634, t=29.3294, c=20.6336),
    NucleotidePoint(g=20.6736, a=29.3634, t=29.3294, c=20.6336),
    NucleotidePoint(g=20.6736, a=29.3634, t=29.3294, c=20.6336),
    NucleotidePoint(g=20.6736, a=29.3634, t=29.3294, c=20.6336),
  ])
# ---
# name: TestNucleotideCompositionParser.test_ok
  list([
    NucleotidePoint(g=37.191123022882785, a=24.890865160098272, t=14.308338916976304, c=23.60967290004264),
    NucleotidePoint(g=13.070834585712854, a=23.184049694419397, t=42.773269211501855, c=20.971846508365896),
    NucleotidePoint(g=16.660665706513043, a=29.670747319571134, t=31.971115378460553, c=21.697471595455273),
    NucleotidePoint(g=11.83, a=19.81, t=42.266, c=26.094),
    NucleotidePoint(g=12.028, a=38.272, t=38.278, c=11.422),
    NucleotidePoint(g=26.285999999999998, a=41.122, t=20.418, c=12.174),
    NucleotidePoint(g=22.445999999999998, a=33.274, t=28.17, c=16.11),
    NucleotidePoint(g=21.552, a=37.602000000000004, t=24.662, c=16.184),
    NucleotidePoint(g=23.636, a=17.427999999999997, t=25.94, c=32.995999999999995),
    NucleotidePoint(g=22.150843016860335, a=25.959319186383727, t=30.841816836336726, c=21.04802096041921),
    NucleotidePoint(g=22.150843016860335, a=25.959319186383727, t=30.841816836336726, c=21.04802096041921),
    NucleotidePoint(g=22.150843016860335, a=25.959319186383727, t=30.841816836336726, c=21.04802096041921),
    NucleotidePoint(g=22.150843016860335, a=25.959319186383727, t=30.841816836336726, c=21.04802096041921),
    NucleotidePoint(g=22.150843016860335, a=25.959319186383727, t=30.841816836336726, c=21.04802096041921),
    NucleotidePoint(g=20.24078495896623, a=30.798001484840583, t=28.22802335614102, c=20.73319020005217),
    NucleotidePoint(g=20.24078495896623, a=30.798001484840583, t=28.22802335614102, c=20.73319020005217),
    NucleotidePoint(g=20.24078495896623, a=30.798001484840583, t=28.22802335614102, c=20.73319020005217),
    NucleotidePoint(g=20.24078495896623, a=30.798001484840583, t=28.22802335614102, c=20.73319020005217),
    NucleotidePoint(g=20.24078495896623, a=30.798001484840583, t=28.22802335614102, c=20.73319020005217),
    NucleotidePoint(g=20.59303318276372, a=29.239630135833295, t=29.784726870463373, c=20.382609810939613),
    NucleotidePoint(g=20.59303318276372, a=29.239630135833295, t=29.784726870463373, c=20.382609810939613),
    NucleotidePoint(g=20.59303318276372, a=29.239630135833295, t=29.784726870463373, c=20.382609810939613),
    NucleotidePoint(g=20.59303318276372, a=29.239630135833295, t=29.784726870463373, c=20.382609810939613),
    NucleotidePoint(g=20.59303318276372, a=29.239630135833295, t=29.784726870463373, c=20.382609810939613),
    NucleotidePoint(g=20.523600000000002, a=29.376799999999996, t=29.6272, c=20.4724),
    NucleotidePoint(g=20.523600000000002, a=29.376799999999996, t=29.6272, c=20.4724),
    NucleotidePoint(g=20.523600000000002, a=29.376799999999996, t=29.6272, c=20.4724),
    NucleotidePoint(g=20.523600000000002, a=29.376799999999996, t=29.6272, c=20.4724),
    NucleotidePoint(g=20.523600000000002, a=29.376799999999996, t=29.6272, c=20.4724),
    NucleotidePoint(g=20.7208, a=29.4348, t=29.2532, c=20.5912),
    NucleotidePoint(g=20.7208, a=29.4348, t=29.2532, c=20.5912),
    NucleotidePoint(g=20.7208, a=29.4348, t=29.2532, c=20.5912),
    NucleotidePoint(g=20.7208, a=29.4348, t=29.2532, c=20.5912),
    NucleotidePoint(g=20.7208, a=29.4348, t=29.2532, c=20.5912),
  ])
# ---
# name: TestSequenceQualityParser.test_composite
  list([
    0,
    0,
    0,
    0,
    0,
    0,
    0,
    0,
    0,
    0,
    0,
    0,
    1,
    2,
    0,
    2,
    10,
    23,
    41,
    62,
    83,
    134,
    194,
    288,
    431,
    678,
    850,
    1150,
    1434,
    2046,
    2698,
    3468,
    4785,
    6471,
    9194,
    12527,
    18252,
    35176,
    0,
    0,
    0,
    0,
    0,
    0,
    0,
    0,
    0,
    0,
    0,
    0,
  ])
# ---
# name: TestSequenceQualityParser.test_ok
  list([
    0,
    0,
    0,
    0,
    0,
    0,
    0,
    0,
    0,
    0,
    0,
    0,
    0,
    0,
    0,
    0,
    0,
    2,
    0,
    5,
    14,
    17,
    23,
    48,
    62,
    209,
    248,
    359,
    479,
    696,
    969,
    1257,
    1785,
    2392,
    3689,
    5949,
    10202,
    21595,
    0,
    0,
    0,
    0,
    0,
    0,
    0,
    0,
    0,
    0,
    0,
    0,
  ])
# ---
# name: test_fastqc_paired
  dict({
    'bases': list([
      list([
        29.19,
        32.0,
        29.5,
        32.0,
        22.0,
        32.0,
      ]),
      list([
        30.746,
        32.0,
        32.0,
        32.0,
        29.5,
        32.0,
      ]),
      list([
        32.244,
        34.5,
        32.0,
        34.5,
        29.5,
        34.5,
      ]),
      list([
        34.992,
        37.0,
        34.5,
        37.0,
        32.0,
        37.0,
      ]),
      list([
        35.516,
        37.0,
        37.0,
        37.0,
        32.0,
        37.0,
      ]),
      list([
        38.876,
        41.0,
        39.0,
        41.0,
        34.5,
        41.0,
      ]),
      list([
        39.029,
        41.0,
        39.0,
        41.0,
        34.5,
        41.0,
      ]),
      list([
        39.814,
        41.0,
        41.0,
        41.0,
        37.0,
        41.0,
      ]),
      list([
        39.193,
        41.0,
        41.0,
        41.0,
        34.5,
        41.0,
      ]),
      list([
        39.071,
        41.0,
        39.0,
        41.0,
        32.0,
        41.0,
      ]),
      list([
        39.39,
        41.0,
        41.0,
        41.0,
        37.0,
        41.0,
      ]),
      list([
        39.207,
        41.0,
        41.0,
        41.0,
        37.0,
        41.0,
      ]),
      list([
        39.047,
        41.0,
        41.0,
        41.0,
        34.5,
        41.0,
      ]),
      list([
        37.452,
        41.0,
        39.0,
        41.0,
        24.5,
        41.0,
      ]),
      list([
        38.841,
        41.0,
        39.0,
        41.0,
        34.5,
        41.0,
      ]),
      list([
        38.835,
        41.0,
        39.0,
        41.0,
        32.0,
        41.0,
      ]),
      list([
        39.511,
        41.0,
        41.0,
        41.0,
        37.0,
        41.0,
      ]),
      list([
        39.313,
        41.0,
        41.0,
        41.0,
        37.0,
        41.0,
      ]),
      list([
        37.774,
        41.0,
        39.0,
        41.0,
        24.5,
        41.0,
      ]),
      list([
        38.562,
        41.0,
        39.0,
        41.0,
        32.0,
        41.0,
      ]),
      list([
        38.61,
        41.0,
        39.0,
        41.0,
        32.0,
        41.0,
      ]),
      list([
        39.442,
        41.0,
        41.0,
        41.0,
        37.0,
        41.0,
      ]),
      list([
        38.586,
        41.0,
        39.0,
        41.0,
        32.0,
        41.0,
      ]),
      list([
        37.323,
        41.0,
        36.5,
        41.0,
        24.5,
        41.0,
      ]),
      list([
        38.721,
        41.0,
        39.0,
        41.0,
        32.0,
        41.0,
      ]),
      list([
        38.794,
        41.0,
        39.0,
        41.0,
        34.5,
        41.0,
      ]),
      list([
        39.194,
        41.0,
        41.0,
        41.0,
        34.5,
        41.0,
      ]),
      list([
        39.189,
        41.0,
        39.0,
        41.0,
        34.5,
        41.0,
      ]),
      list([
        38.913,
        41.0,
        41.0,
        41.0,
        34.5,
        41.0,
      ]),
      list([
        38.377,
        41.0,
        39.0,
        41.0,
        34.5,
        41.0,
      ]),
      list([
        38.18,
        41.0,
        39.0,
        41.0,
        32.0,
        41.0,
      ]),
      list([
        38.483,
        41.0,
        39.0,
        41.0,
        32.0,
        41.0,
      ]),
      list([
        36.357,
        39.0,
        34.0,
        41.0,
        24.5,
        41.0,
      ]),
      list([
        38.419,
        41.0,
        39.0,
        41.0,
        32.0,
        41.0,
      ]),
      list([
        37.35,
        41.0,
        39.0,
        41.0,
        27.0,
        41.0,
      ]),
      list([
        38.8,
        41.0,
        39.0,
        41.0,
        34.5,
        41.0,
      ]),
      list([
        38.519,
        41.0,
        39.0,
        41.0,
        32.0,
        41.0,
      ]),
      list([
        37.559,
        41.0,
        39.0,
        41.0,
        29.5,
        41.0,
      ]),
      list([
        38.793,
        41.0,
        39.0,
        41.0,
        34.5,
        41.0,
      ]),
      list([
        38.519,
        41.0,
        39.0,
        41.0,
        32.0,
        41.0,
      ]),
      list([
        38.567,
        41.0,
        39.0,
        41.0,
        32.0,
        41.0,
      ]),
      list([
        38.203,
        41.0,
        39.0,
        41.0,
        32.0,
        41.0,
      ]),
      list([
        35.433,
        39.0,
        34.0,
        41.0,
        22.0,
        41.0,
      ]),
      list([
        37.795,
        41.0,
        39.0,
        41.0,
        32.0,
        41.0,
      ]),
      list([
        38.405,
        41.0,
        39.0,
        41.0,
        32.0,
        41.0,
      ]),
      list([
        38.104,
        41.0,
        39.0,
        41.0,
        29.5,
        41.0,
      ]),
      list([
        38.421,
        41.0,
        39.0,
        41.0,
        32.0,
        41.0,
      ]),
      list([
        38.391,
        41.0,
        39.0,
        41.0,
        34.5,
        41.0,
      ]),
      list([
        36.545,
        41.0,
        34.0,
        41.0,
        24.5,
        41.0,
      ]),
      list([
        36.64,
        41.0,
        37.0,
        41.0,
        24.5,
        41.0,
      ]),
    ]),
    'composition': list([
      list([
        54.4,
        24.2,
        12.2,
        9.2,
      ]),
      list([
        22.6,
        33.3,
        30.0,
        14.1,
      ]),
      list([
        23.4,
        31.7,
        27.2,
        17.7,
      ]),
      list([
        23.4,
        27.5,
        32.5,
        16.5,
      ]),
      list([
        22.6,
        25.3,
        30.2,
        22.0,
      ]),
      list([
        22.4,
        28.2,
        29.3,
        20.1,
      ]),
      list([
        23.2,
        26.7,
        31.5,
        18.6,
      ]),
      list([
        22.8,
        25.8,
        31.5,
        19.8,
      ]),
      list([
        21.3,
        29.8,
        30.2,
        18.6,
      ]),
      list([
        23.4,
        28.4,
        28.7,
        19.4,
      ]),
      list([
        22.0,
        28.7,
        29.8,
        19.5,
      ]),
      list([
        19.4,
        29.6,
        29.1,
        21.9,
      ]),
      list([
        21.1,
        27.8,
        28.9,
        22.3,
      ]),
      list([
        21.2,
        30.7,
        26.1,
        22.1,
      ]),
      list([
        21.2,
        31.6,
        27.9,
        19.4,
      ]),
      list([
        20.3,
        32.3,
        26.1,
        21.4,
      ]),
      list([
        20.3,
        32.2,
        26.8,
        20.7,
      ]),
      list([
        19.9,
        32.4,
        25.2,
        22.6,
      ]),
      list([
        22.6,
        31.8,
        25.8,
        19.9,
      ]),
      list([
        18.9,
        29.3,
        30.7,
        21.0,
      ]),
      list([
        17.3,
        29.7,
        27.7,
        25.2,
      ]),
      list([
        18.5,
        28.6,
        28.7,
        24.3,
      ]),
      list([
        23.4,
        33.1,
        25.5,
        18.0,
      ]),
      list([
        21.4,
        31.6,
        26.1,
        20.9,
      ]),
      list([
        16.7,
        25.5,
        25.2,
        32.5,
      ]),
      list([
        36.2,
        40.3,
        10.8,
        12.7,
      ]),
      list([
        33.6,
        37.5,
        16.4,
        12.5,
      ]),
      list([
        12.6,
        31.3,
        37.3,
        18.9,
      ]),
      list([
        18.5,
        8.4,
        31.7,
        41.5,
      ]),
      list([
        42.7,
        13.5,
        12.1,
        31.7,
      ]),
      list([
        42.1,
        12.9,
        30.7,
        14.3,
      ]),
      list([
        40.1,
        18.1,
        8.6,
        33.2,
      ]),
      list([
        38.0,
        41.4,
        6.3,
        14.2,
      ]),
      list([
        39.6,
        39.7,
        11.1,
        9.6,
      ]),
      list([
        36.3,
        37.2,
        7.5,
        19.0,
      ]),
      list([
        15.1,
        36.2,
        17.5,
        31.2,
      ]),
      list([
        36.0,
        15.5,
        29.9,
        18.6,
      ]),
      list([
        33.1,
        20.9,
        13.0,
        32.9,
      ]),
      list([
        8.9,
        43.5,
        30.5,
        17.1,
      ]),
      list([
        16.3,
        40.6,
        9.9,
        33.3,
      ]),
      list([
        32.2,
        38.4,
        10.0,
        19.4,
      ]),
      list([
        12.5,
        38.6,
        13.1,
        35.8,
      ]),
      list([
        29.4,
        30.6,
        21.4,
        18.5,
      ]),
      list([
        12.5,
        8.9,
        39.8,
        38.8,
      ]),
      list([
        12.0,
        11.7,
        38.7,
        37.6,
      ]),
      list([
        14.2,
        16.3,
        37.4,
        32.1,
      ]),
      list([
        38.9,
        19.1,
        30.0,
        12.0,
      ]),
      list([
        30.5,
        42.9,
        13.3,
        13.3,
      ]),
      list([
        6.7,
        59.1,
        12.3,
        21.9,
      ]),
      list([
        7.5,
        31.2,
        18.6,
        42.7,
      ]),
    ]),
    'count': 50000,
    'encoding': 'Sanger / Illumina 1.9',
    'gc': 46.5,
    'length': list([
      50,
      50,
    ]),
    'sequences': list([
      0,
      0,
      0,
      0,
      0,
      0,
      0,
      0,
      0,
      0,
      0,
      0,
      0,
      2,
      0,
      2,
      5,
      24,
      33,
      74,
      89,
      111,
      162,
      173,
      195,
      249,
      338,
      354,
      436,
      528,
      621,
      748,
      884,
      1147,
      1380,
      1780,
      2580,
      3631,
      5748,
      13520,
      15186,
      0,
      0,
      0,
      0,
      0,
      0,
      0,
      0,
      0,
    ]),
  })
# ---
# name: test_fastqc_unpaired
  dict({
    'bases': list([
      list([
        26.942,
        32.0,
        27.0,
        32.0,
        12.0,
        32.0,
      ]),
      list([
        30.098,
        32.0,
        32.0,
        32.0,
        27.0,
        32.0,
      ]),
      list([
        30.309,
        32.0,
        32.0,
        32.0,
        27.0,
        32.0,
      ]),
      list([
        34.152,
        37.0,
        32.0,
        37.0,
        32.0,
        37.0,
      ]),
      list([
        35.723,
        37.0,
        37.0,
        37.0,
        32.0,
        37.0,
      ]),
      list([
        38.186,
        41.0,
        37.0,
        41.0,
        32.0,
        41.0,
      ]),
      list([
        38.197,
        41.0,
        37.0,
        41.0,
        32.0,
        41.0,
      ]),
      list([
        39.469,
        41.0,
        41.0,
        41.0,
        37.0,
        41.0,
      ]),
      list([
        38.655,
        41.0,
        41.0,
        41.0,
        32.0,
        41.0,
      ]),
      list([
        37.962,
        41.0,
        37.0,
        41.0,
        27.0,
        41.0,
      ]),
      list([
        38.929,
        41.0,
        41.0,
        41.0,
        37.0,
        41.0,
      ]),
      list([
        39.0,
        41.0,
        41.0,
        41.0,
        37.0,
        41.0,
      ]),
      list([
        38.543,
        41.0,
        41.0,
        41.0,
        32.0,
        41.0,
      ]),
      list([
        35.378,
        41.0,
        37.0,
        41.0,
        12.0,
        41.0,
      ]),
      list([
        38.417,
        41.0,
        37.0,
        41.0,
        32.0,
        41.0,
      ]),
      list([
        37.73,
        41.0,
        37.0,
        41.0,
        27.0,
        41.0,
      ]),
      list([
        38.969,
        41.0,
        41.0,
        41.0,
        37.0,
        41.0,
      ]),
      list([
        38.934,
        41.0,
        41.0,
        41.0,
        37.0,
        41.0,
      ]),
      list([
        35.786,
        41.0,
        37.0,
        41.0,
        12.0,
        41.0,
      ]),
      list([
        38.034,
        41.0,
        37.0,
        41.0,
        27.0,
        41.0,
      ]),
      list([
        37.416,
        41.0,
        37.0,
        41.0,
        27.0,
        41.0,
      ]),
      list([
        39.125,
        41.0,
        41.0,
        41.0,
        37.0,
        41.0,
      ]),
      list([
        37.288,
        41.0,
        37.0,
        41.0,
        27.0,
        41.0,
      ]),
      list([
        35.267,
        41.0,
        32.0,
        41.0,
        12.0,
        41.0,
      ]),
      list([
        38.068,
        41.0,
        37.0,
        41.0,
        27.0,
        41.0,
      ]),
      list([
        38.703,
        41.0,
        37.0,
        41.0,
        32.0,
        41.0,
      ]),
      list([
        38.704,
        41.0,
        41.0,
        41.0,
        32.0,
        41.0,
      ]),
      list([
        38.593,
        41.0,
        37.0,
        41.0,
        32.0,
        41.0,
      ]),
      list([
        38.731,
        41.0,
        41.0,
        41.0,
        32.0,
        41.0,
      ]),
      list([
        37.982,
        41.0,
        37.0,
        41.0,
        32.0,
        41.0,
      ]),
      list([
        37.146,
        41.0,
        37.0,
        41.0,
        27.0,
        41.0,
      ]),
      list([
        37.569,
        41.0,
        37.0,
        41.0,
        27.0,
        41.0,
      ]),
      list([
        33.155,
        37.0,
        27.0,
        41.0,
        12.0,
        41.0,
      ]),
      list([
        37.408,
        41.0,
        37.0,
        41.0,
        27.0,
        41.0,
      ]),
      list([
        35.83,
        41.0,
        37.0,
        41.0,
        22.0,
        41.0,
      ]),
      list([
        38.273,
        41.0,
        37.0,
        41.0,
        32.0,
        41.0,
      ]),
      list([
        37.493,
        41.0,
        37.0,
        41.0,
        27.0,
        41.0,
      ]),
      list([
        35.842,
        41.0,
        37.0,
        41.0,
        22.0,
        41.0,
      ]),
      list([
        38.232,
        41.0,
        37.0,
        41.0,
        32.0,
        41.0,
      ]),
      list([
        37.889,
        41.0,
        37.0,
        41.0,
        27.0,
        41.0,
      ]),
      list([
        37.833,
        41.0,
        37.0,
        41.0,
        27.0,
        41.0,
      ]),
      list([
        37.337,
        41.0,
        37.0,
        41.0,
        27.0,
        41.0,
      ]),
      list([
        32.029,
        37.0,
        27.0,
        41.0,
        12.0,
        41.0,
      ]),
      list([
        36.283,
        41.0,
        37.0,
        41.0,
        27.0,
        41.0,
      ]),
      list([
        37.939,
        41.0,
        37.0,
        41.0,
        32.0,
        41.0,
      ]),
      list([
        36.777,
        41.0,
        37.0,
        41.0,
        22.0,
        41.0,
      ]),
      list([
        37.161,
        41.0,
        37.0,
        41.0,
        27.0,
        41.0,
      ]),
      list([
        37.858,
        41.0,
        37.0,
        41.0,
        32.0,
        41.0,
      ]),
      list([
        33.493,
        41.0,
        27.0,
        41.0,
        12.0,
        41.0,
      ]),
      list([
        37.108,
        41.0,
        37.0,
        41.0,
        27.0,
        41.0,
      ]),
    ]),
    'composition': list([
      list([
        93.3,
        1.4,
        2.1,
        3.2,
      ]),
      list([
        25.3,
        33.6,
        32.6,
        8.5,
      ]),
      list([
        19.9,
        35.6,
        29.1,
        15.4,
      ]),
      list([
        18.6,
        24.8,
        40.9,
        15.7,
      ]),
      list([
        18.3,
        25.3,
        29.7,
        26.8,
      ]),
      list([
        21.7,
        29.9,
        29.9,
        18.6,
      ]),
      list([
        18.2,
        28.9,
        35.7,
        17.1,
      ]),
      list([
        18.7,
        28.5,
        30.5,
        22.4,
      ]),
      list([
        20.2,
        28.6,
        33.1,
        18.1,
      ]),
      list([
        19.8,
        28.2,
        28.8,
        23.2,
      ]),
      list([
        17.6,
        31.4,
        30.5,
        20.5,
      ]),
      list([
        16.5,
        28.4,
        29.6,
        25.5,
      ]),
      list([
        16.1,
        27.0,
        31.7,
        25.1,
      ]),
      list([
        22.4,
        26.6,
        26.2,
        24.9,
      ]),
      list([
        20.3,
        27.8,
        28.9,
        23.0,
      ]),
      list([
        20.2,
        33.9,
        23.6,
        22.3,
      ]),
      list([
        22.5,
        27.6,
        24.8,
        25.1,
      ]),
      list([
        19.0,
        32.4,
        23.9,
        24.7,
      ]),
      list([
        21.7,
        31.3,
        25.8,
        21.2,
      ]),
      list([
        19.9,
        25.8,
        28.5,
        25.8,
      ]),
      list([
        16.7,
        27.0,
        31.4,
        25.0,
      ]),
      list([
        21.3,
        25.6,
        26.9,
        26.3,
      ]),
      list([
        24.3,
        29.4,
        28.9,
        17.4,
      ]),
      list([
        24.4,
        32.1,
        28.6,
        14.8,
      ]),
      list([
        22.7,
        19.7,
        43.9,
        13.7,
      ]),
      list([
        53.6,
        23.7,
        10.9,
        11.8,
      ]),
      list([
        14.0,
        52.3,
        21.1,
        12.6,
      ]),
      list([
        10.1,
        8.8,
        57.9,
        23.2,
      ]),
      list([
        20.4,
        6.3,
        13.9,
        59.4,
      ]),
      list([
        61.9,
        7.5,
        18.7,
        11.8,
      ]),
      list([
        16.0,
        7.7,
        56.8,
        19.5,
      ]),
      list([
        21.5,
        12.5,
        7.8,
        58.2,
      ]),
      list([
        64.9,
        11.6,
        7.7,
        15.8,
      ]),
      list([
        54.3,
        18.7,
        17.3,
        9.7,
      ]),
      list([
        17.8,
        50.9,
        10.7,
        20.6,
      ]),
      list([
        10.2,
        8.5,
        30.4,
        50.9,
      ]),
      list([
        21.2,
        16.2,
        54.9,
        7.7,
      ]),
      list([
        59.0,
        11.6,
        20.9,
        8.6,
      ]),
      list([
        10.8,
        29.9,
        52.4,
        6.9,
      ]),
      list([
        19.6,
        59.7,
        14.1,
        6.6,
      ]),
      list([
        51.0,
        23.4,
        9.1,
        16.4,
      ]),
      list([
        7.8,
        63.4,
        17.2,
        11.6,
      ]),
      list([
        7.7,
        51.6,
        15.9,
        24.9,
      ]),
      list([
        12.0,
        8.0,
        26.4,
        53.6,
      ]),
      list([
        16.0,
        7.6,
        55.5,
        20.9,
      ]),
      list([
        9.6,
        15.2,
        25.0,
        50.2,
      ]),
      list([
        23.4,
        14.7,
        52.7,
        9.2,
      ]),
      list([
        55.4,
        20.5,
        10.6,
        13.5,
      ]),
      list([
        9.3,
        60.5,
        16.1,
        14.1,
      ]),
      list([
        9.5,
        51.1,
        14.3,
        25.0,
      ]),
    ]),
    'count': 25000,
    'encoding': 'Sanger / Illumina 1.9',
    'gc': 46.0,
    'length': list([
      50,
      50,
    ]),
    'sequences': list([
      0,
      0,
      0,
      0,
      0,
      0,
      0,
      0,
      0,
      0,
      0,
      0,
      0,
      2,
      0,
      2,
      5,
      24,
      33,
      74,
      88,
      111,
      162,
      168,
      187,
      227,
      300,
      306,
      348,
      400,
      454,
      532,
      596,
      726,
      856,
      1077,
      1598,
      2086,
      3099,
      6346,
      5193,
      0,
      0,
      0,
      0,
      0,
      0,
      0,
      0,
      0,
    ]),
  })
# ---
